2024.10.25 09:58:32 INFO  Started: Metals version 1.4.0 in folders 'C:\Users\Niklas\Studium\Semester6\SE\Minesweeper' for client Visual Studio Code 1.94.2.
2024.10.25 09:58:34 WARN  Flyway upgrade recommended: H2 2.3.232 is newer than this version of Flyway and support has not been tested. The latest supported version of H2 is 2.2.224.
2024.10.25 09:58:34 INFO  no build target found for C:\Users\Niklas\Studium\Semester6\SE\Minesweeper\src\main\scala\de\htwg\se\minesweeper\Minesweeper.scala. Using presentation compiler with project's scala-library version: 3.3.4
2024.10.25 09:59:47 INFO  no build target found for C:\Users\Niklas\Studium\Semester6\SE\Minesweeper\src\main\scala\de\htwg\se\minesweeper\model\ModelWorksheet.worksheet.sc. Using presentation compiler with project's scala-library version: 3.3.4
2024.10.25 09:59:47 INFO  no build target found for C:\Users\Niklas\Studium\Semester6\SE\Minesweeper\src\main\scala\de\htwg\se\minesweeper\model\ModelWorksheet.worksheet.sc. Using presentation compiler with project's scala-library version: 3.3.4
2024.10.25 09:59:49 INFO  no build target found for C:\Users\Niklas\Studium\Semester6\SE\Minesweeper\src\main\scala\de\htwg\se\minesweeper\Minesweeper.scala. Using presentation compiler with project's scala-library version: 3.3.4
2024.10.25 09:59:49 INFO  no build target found for C:\Users\Niklas\Studium\Semester6\SE\Minesweeper\src\main\scala\de\htwg\se\minesweeper\Minesweeper.scala. Using presentation compiler with project's scala-library version: 3.3.4
2024.10.25 09:59:50 INFO  no build target found for C:\Users\Niklas\Studium\Semester6\SE\Minesweeper\src\main\scala\de\htwg\se\minesweeper\Minesweeper.scala. Using presentation compiler with project's scala-library version: 3.3.4
2024.10.25 10:00:09 INFO  Shutting down server
2024.10.25 10:00:09 INFO  shutting down Metals
2024.10.25 10:00:09 INFO  Exiting server
2024.10.25 10:14:21 INFO  Started: Metals version 1.4.0 in folders 'C:\Users\Niklas\Studium\Semester6\SE\Minesweeper' for client Visual Studio Code 1.94.2.
2024.10.25 10:14:21 WARN  Flyway upgrade recommended: H2 2.3.232 is newer than this version of Flyway and support has not been tested. The latest supported version of H2 is 2.2.224.
2024.10.25 10:14:22 INFO  no build target found for C:\Users\Niklas\Studium\Semester6\SE\Minesweeper\src\main\scala\de\htwg\se\minesweeper\Minesweeper.scala. Using presentation compiler with project's scala-library version: 3.3.4
2024.10.25 10:14:39 INFO  no build target found for C:\Users\Niklas\Studium\Semester6\SE\Minesweeper\src\main\scala\de\htwg\se\minesweeper\Minesweeper.scala. Using presentation compiler with project's scala-library version: 3.3.4
Okt. 25, 2024 10:14:40 AM org.eclipse.lsp4j.jsonrpc.services.GenericEndpoint notify
INFO: Unsupported notification method: $/setTrace
2024.10.25 10:16:07 INFO  no build target found for C:\Users\Niklas\Studium\Semester6\SE\Minesweeper\src\main\scala\de\htwg\se\minesweeper\Minesweeper.scala. Using presentation compiler with project's scala-library version: 3.3.4
2024.10.25 10:16:07 INFO  no build target found for C:\Users\Niklas\Studium\Semester6\SE\Minesweeper\src\main\scala\de\htwg\se\minesweeper\Minesweeper.scala. Using presentation compiler with project's scala-library version: 3.3.4
2024.10.25 10:20:41 INFO  no build target found for C:\Users\Niklas\Studium\Semester6\SE\Minesweeper\src\main\scala\de\htwg\se\minesweeper\Minesweeper.scala. Using presentation compiler with project's scala-library version: 3.3.4
2024.10.25 10:20:43 INFO  no build target found for C:\Users\Niklas\Studium\Semester6\SE\Minesweeper\src\main\scala\de\htwg\se\minesweeper\Minesweeper.scala. Using presentation compiler with project's scala-library version: 3.3.4
2024.10.25 10:21:47 INFO  no build target found for C:\Users\Niklas\Studium\Semester6\SE\Minesweeper\src\main\scala\de\htwg\se\minesweeper\Minesweeper.scala. Using presentation compiler with project's scala-library version: 3.3.4
2024.10.25 10:21:47 INFO  no build target found for C:\Users\Niklas\Studium\Semester6\SE\Minesweeper\Build.sbt. Using presentation compiler with project's scala-library version: 3.3.4
2024.10.25 10:21:47 INFO  no build target found for C:\Users\Niklas\Studium\Semester6\SE\Minesweeper\Build.sbt. Using presentation compiler with project's scala-library version: 3.3.4
2024.10.25 10:21:47 INFO  no build target found for C:\Users\Niklas\Studium\Semester6\SE\Minesweeper\Build.sbt. Using presentation compiler with project's scala-library version: 3.3.4
2024.10.25 10:22:17 INFO  Shutting down server
2024.10.25 10:22:17 INFO  shutting down Metals
2024.10.25 10:22:17 INFO  Exiting server
2024.10.25 10:23:12 INFO  Started: Metals version 1.4.0 in folders 'C:\Users\Niklas\Studium\Semester6\SE\Minesweeper' for client Visual Studio Code 1.94.2.
2024.10.25 10:23:12 WARN  Flyway upgrade recommended: H2 2.3.232 is newer than this version of Flyway and support has not been tested. The latest supported version of H2 is 2.2.224.
2024.10.25 10:23:12 INFO  no build target found for C:\Users\Niklas\Studium\Semester6\SE\Minesweeper\src\main\scala\de\htwg\se\minesweeper\model\ModelWorksheet.worksheet.sc. Using presentation compiler with project's scala-library version: 3.3.4
2024.10.25 10:23:14 INFO  no build target found for C:\Users\Niklas\Studium\Semester6\SE\Minesweeper\src\main\scala\de\htwg\se\minesweeper\model\ModelWorksheet.worksheet.sc. Using presentation compiler with project's scala-library version: 3.3.4
Okt. 25, 2024 10:23:14 AM org.eclipse.lsp4j.jsonrpc.RemoteEndpoint handleCancellation
WARNING: Unmatched cancel notification for request id 2
2024.10.25 10:23:14 INFO  no build target found for C:\Users\Niklas\Studium\Semester6\SE\Minesweeper\src\main\scala\de\htwg\se\minesweeper\model\ModelWorksheet.worksheet.sc. Using presentation compiler with project's scala-library version: 3.3.4
2024.10.25 10:23:14 INFO  no build target found for C:\Users\Niklas\Studium\Semester6\SE\Minesweeper\src\main\scala\de\htwg\se\minesweeper\model\ModelWorksheet.worksheet.sc. Using presentation compiler with project's scala-library version: 3.3.4
2024.10.25 10:23:15 INFO  no build target found for C:\Users\Niklas\Studium\Semester6\SE\Minesweeper\src\main\scala\de\htwg\se\minesweeper\model\ModelWorksheet.worksheet.sc. Using presentation compiler with project's scala-library version: 3.3.4
2024.10.25 10:23:15 INFO  no build target found for C:\Users\Niklas\Studium\Semester6\SE\Minesweeper\src\main\scala\de\htwg\se\minesweeper\model\ModelWorksheet.worksheet.sc. Using presentation compiler with project's scala-library version: 3.3.4
Okt. 25, 2024 10:23:16 AM org.eclipse.lsp4j.jsonrpc.RemoteEndpoint handleCancellation
WARNING: Unmatched cancel notification for request id 10
Okt. 25, 2024 10:23:16 AM org.eclipse.lsp4j.jsonrpc.RemoteEndpoint handleCancellation
WARNING: Unmatched cancel notification for request id 11
2024.10.25 10:23:15 INFO  no build target found for C:\Users\Niklas\Studium\Semester6\SE\Minesweeper\src\main\scala\de\htwg\se\minesweeper\model\ModelWorksheet.worksheet.sc. Using presentation compiler with project's scala-library version: 3.3.4
